// Jest Snapshot v1, https://goo.gl/fbAQLP

exports[`TodoItem Component renders correctly 1`] = `ShallowWrapper {}`;
